[www.cultandrain.com/index.html]
[backblue.gif]
[fade.gif]
[index.html]
[www.cultandrain.com/static/bg-nft-7f209f590b024b5cd56feffcd3b2c28e.png]
[www.cultandrain.com/static/Avenir-Black-c9c45701fa9f8007ae0a33b62ca41de2.woff2]
[www.cultandrain.com/static/Avenir-Light-867b51dd7520a2759bab017ddf8da300.woff2]
[www.cultandrain.com/static/tower-3f984c1aa22d1ebb09bbcf14dfdf1927.jpg]
[www.cultandrain.com/static/tower-1-57b7336596b2155a1409a167081f1ae3.png]
[www.cultandrain.com/static/tower-2-12508bdbf6cbf2c3511b3b64119a5bdc.png]
[www.cultandrain.com/static/rock-letters-58c3796c105e2c042d4c8e19cc1b5f2e.jpg]
[www.cultandrain.com/static/collab-globe-fbfcb4e4940801a9559c4dacab47a3e9.png]
[www.cultandrain.com/static/test_new-f14628cca306445fbe27a95c4b48cb2d.jpg]
[www.cultandrain.com/static/presale-bg-aecd859671d4fdba9a78b9205cbf180b.jpg]
[www.cultandrain.com/webpack-runtime-282708cf4307f8d74947.js]
[www.cultandrain.com/framework-47d093e627f24d829441.js]
[www.cultandrain.com/app-8520b5a69bfb19c23058.js]
[www.cultandrain.com/71beb34323bad4b7c573d306b91149d6f6d75673-c6b0a54c62c18bc41d7a.js]
[www.cultandrain.com/aebf46cb502d5c099c3101ea30fd92c7909c9f1a-a46d099b322fee8a0d2e.js]
[www.cultandrain.com/2ffe7b0fbf4eb97c5da2d09f01a59cbf1c90d9da-c1fe0ee50ba78e401b41.js]
[www.cultandrain.com/ea4ad4c4c2cd72f4976c6e8e6958e08872217331-ad3fd4cef31bdfdebb2e.js]
[www.cultandrain.com/b42ba5233905a485dbff6afbcb29cae8a633ab5c-b147f598de15161b9459.js]
[www.cultandrain.com/page-data/index/page-data.json]
[www.cultandrain.com/component---src-pages-index-js-c45edb4d55fade2865b6.js]
[www.cultandrain.com/page-data/app-data.json]
[www.cultandrain.com/index.html]
[www.cultandrain.com/polyfill-6d388092041e49db1412.js]
